D:\spirngpetclinic\src\test\java\org\springframework\samples\petclinic\vet\VetControllerTests.java
D:\spirngpetclinic\src\test\java\org\springframework\samples\petclinic\service\EntityUtils.java
D:\spirngpetclinic\src\test\java\org\springframework\samples\petclinic\owner\PetTypeFormatterTests.java
D:\spirngpetclinic\src\test\java\org\springframework\samples\petclinic\system\CrashControllerTests.java
D:\spirngpetclinic\src\test\java\org\springframework\samples\petclinic\owner\OwnerControllerTests.java
D:\spirngpetclinic\src\test\java\org\springframework\samples\petclinic\owner\PetControllerTests.java
D:\spirngpetclinic\src\test\java\org\springframework\samples\petclinic\system\ProductionConfigurationTests.java
D:\spirngpetclinic\src\test\java\org\springframework\samples\petclinic\owner\VisitControllerTests.java
D:\spirngpetclinic\src\test\java\org\springframework\samples\petclinic\model\ValidatorTests.java
D:\spirngpetclinic\src\test\java\org\springframework\samples\petclinic\vet\VetTests.java
D:\spirngpetclinic\src\test\java\org\springframework\samples\petclinic\service\ClinicServiceTests.java
